// Jest Snapshot v1, https://goo.gl/fbAQLP

exports[`Footer renders 1`] = `
<footer
  className="sc-jSUZER jzYyze"
>
  <div
    className="sc-gswNZR lhJxqP"
  >
    <img
      className="sc-gKPRtg VGwCa"
      src="/images/birdie-logo.svg"
      width="110"
    />
  </div>
</footer>
`;
