// Jest Snapshot v1, https://goo.gl/fbAQLP

exports[`Spinner renders 1`] = `
<div
  className="sc-bcXHqe iuWKlD"
>
  <div
    className="sc-gswNZR jcHCHp"
  />
</div>
`;
